#-----------------------------------------------------------
# Vivado v2025.1 (64-bit)
# SW Build 6140274 on Wed May 21 22:58:25 MDT 2025
# IP Build 6138677 on Thu May 22 03:10:11 MDT 2025
# SharedData Build 6139179 on Tue May 20 17:58:58 MDT 2025
# Start of session at: Tue Jun 24 22:08:59 2025
# Process ID         : 177782
# Current directory  : /home/grey/Documents/2025/software projects/DigilentArty_PMOD-OLED-bitmap/DigilentArty_PMOD-OLED-bitmap.runs/impl_1
# Command line       : vivado -log fpga_top.vdi -applog -product Vivado -messageDb vivado.pb -mode batch -source fpga_top.tcl -notrace
# Log file           : /home/grey/Documents/2025/software projects/DigilentArty_PMOD-OLED-bitmap/DigilentArty_PMOD-OLED-bitmap.runs/impl_1/fpga_top.vdi
# Journal file       : /home/grey/Documents/2025/software projects/DigilentArty_PMOD-OLED-bitmap/DigilentArty_PMOD-OLED-bitmap.runs/impl_1/vivado.jou
# Running On         : latitude
# Platform           : Arch
# Operating System   : Arch Linux
# Processor Detail   : Intel(R) Core(TM) i5-8365U CPU @ 1.60GHz
# CPU Frequency      : 3828.334 MHz
# CPU Physical cores : 4
# CPU Logical cores  : 8
# Host memory        : 16442 MB
# Swap memory        : 4294 MB
# Total Virtual      : 20737 MB
# Available Virtual  : 18643 MB
#-----------------------------------------------------------
source fpga_top.tcl -notrace
